---
http_interactions:
- request:
    method: post
    uri: https://autosde-appliance-host/site-manager/api/v1/engine/token-auth
    body:
      encoding: UTF-8
      string: '{"password":"<password>","username":"autosde"}'
    headers:
      User-Agent:
      - OpenAPI-Generator/1.0.2/ruby
      Content-Type:
      - application/json
      Accept:
      - "*/*"
      Expect:
      - ''
  response:
    status:
      code: 200
      message: OK
    headers:
      Date:
      - Mon, 25 Oct 2021 09:51:27 GMT
      Server:
      - WSGIServer/0.2 CPython/3.7.3
      Content-Type:
      - application/json
      Allow:
      - POST, OPTIONS
      Vary:
      - Accept
      X-Frame-Options:
      - SAMEORIGIN
      Access-Control-Allow-Origin:
      - "*"
      Access-Control-Allow-Headers:
      - "*"
      Access-Control-Allow-Methods:
      - GET, POST, OPTIONS, PUT, DELETE
    body:
      encoding: ASCII-8BIT
      string: '{"token":"fdf68692f2a4c981b946a651363d96cddd711999"}'
    http_version: null
  recorded_at: Mon, 25 Oct 2021 09:51:27 GMT
- request:
    method: get
    uri: https://autosde-appliance-host/site-manager/api/v1/engine/system-types
    body:
      encoding: US-ASCII
      string: ''
    headers:
      User-Agent:
      - OpenAPI-Generator/1.0.2/ruby
      Content-Type:
      - application/json
      Accept:
      - "*/*"
      Authorization:
      - Bearer fdf68692f2a4c981b946a651363d96cddd711999
      Expect:
      - ''
  response:
    status:
      code: 200
      message: OK
    headers:
      Date:
      - Mon, 25 Oct 2021 09:51:27 GMT
      Server:
      - WSGIServer/0.2 CPython/3.7.3
      Content-Type:
      - application/json
      Vary:
      - Accept
      Allow:
      - GET, POST, HEAD, OPTIONS
      X-Frame-Options:
      - SAMEORIGIN
      Access-Control-Allow-Origin:
      - "*"
      Access-Control-Allow-Headers:
      - "*"
      Access-Control-Allow-Methods:
      - GET, POST, OPTIONS, PUT, DELETE
    body:
      encoding: ASCII-8BIT
      string: '[{"component_state":"PENDING_CREATION","name":"IBM_FlashSystems","short_version":"11","uuid":"053446df-ed2b-4822-b9c5-386e85198519","version":"1.2","capability_values_json":"[{\"abstract_capability__name\": \"compression\", \"uuid\": \"65bf355d-3931-40b2-b67a-d4291fc5860b\", \"value\": \"True\"}, {\"abstract_capability__name\": \"compression\", \"uuid\": \"84d102cc-c98f-4bc0-9348-430ba04e90e4\", \"value\": \"False\"}, {\"abstract_capability__name\": \"thin_provision\", \"uuid\": \"92865732-1175-47ef-8b41-b77356784b63\", \"value\": \"True\"}, {\"abstract_capability__name\": \"thin_provision\", \"uuid\": \"a8a2bd22-bda9-4ad7-ba6f-11c8b4ee739c\", \"value\": \"False\"}]"},
                {"component_state":"PENDING_CREATION","name":"xiv","short_version":"11","uuid":"123456","version":"1.11","capability_values_json":"[{\"abstract_capability__name\": \"compression\", \"uuid\": \"65bf355d-3931-40b2-b67a-d4291fc5860b\", \"value\": \"True\"}, {\"abstract_capability__name\": \"compression\", \"uuid\": \"84d102cc-c98f-4bc0-9348-430ba04e90e4\", \"value\": \"False\"}, {\"abstract_capability__name\": \"thin_provision\", \"uuid\": \"92865732-1175-47ef-8b41-b77356784b63\", \"value\": \"True\"}, {\"abstract_capability__name\": \"thin_provision\", \"uuid\": \"a8a2bd22-bda9-4ad7-ba6f-11c8b4ee739c\", \"value\": \"False\"}]"}]'
    http_version: null
  recorded_at: Mon, 25 Oct 2021 09:51:28 GMT
- request:
    method: get
    uri: https://autosde-appliance-host/site-manager/api/v1/engine/storage-systems
    body:
      encoding: US-ASCII
      string: ''
    headers:
      User-Agent:
      - OpenAPI-Generator/1.0.2/ruby
      Content-Type:
      - application/json
      Accept:
      - "*/*"
      Authorization:
      - Bearer fdf68692f2a4c981b946a651363d96cddd711999
      Expect:
      - ''
  response:
    status:
      code: 200
      message: OK
    headers:
      Date:
      - Mon, 25 Oct 2021 09:51:28 GMT
      Server:
      - WSGIServer/0.2 CPython/3.7.3
      Content-Type:
      - application/json
      Vary:
      - Accept
      Allow:
      - GET, POST, HEAD, OPTIONS
      X-Frame-Options:
      - SAMEORIGIN
      Access-Control-Allow-Origin:
      - "*"
      Access-Control-Allow-Headers:
      - "*"
      Access-Control-Allow-Methods:
      - GET, POST, OPTIONS, PUT, DELETE
    body:
      encoding: ASCII-8BIT
      string: '[{"component_state":"PENDING_CREATION","management_ip":"9.151.159.178","name":"9.151.159.178","status":"ONLINE","storage_array":null,"storage_family":"ontap_7mode","system_type":{"component_state":"PENDING_CREATION","name":"IBM_FlashSystems","short_version":"11","uuid":"053446df-ed2b-4822-b9c5-386e85198519","version":"1.2"},"capability_values_json": "[{\"abstract_capability\": \"compression\", \"value\": \"True\", \"uuid\": \"699f2dee-7cd9-4ac0-ab20-41aea6c74475\"}, {\"abstract_capability\": \"compression\", \"value\": \"False\", \"uuid\": \"3f44f8ae-9854-4dbf-b375-8b41766f7b2e\"}, {\"abstract_capability\": \"thin_provision\", \"value\": \"True\", \"uuid\": \"ea84a958-f4bc-4d8d-9a68-07312ec25c87\"}, {\"abstract_capability\": \"thin_provision\", \"value\": \"False\", \"uuid\": \"18b861c0-e205-4dd9-b207-c155e5d7cf91\"}]","uuid":"980f3ceb-c599-49c4-9db3-fdc793cb8666"}]'
    http_version: null
  recorded_at: Mon, 25 Oct 2021 09:51:28 GMT
- request:
    method: get
    uri: https://autosde-appliance-host/site-manager/api/v1/engine/storage-resources
    body:
      encoding: US-ASCII
      string: ''
    headers:
      User-Agent:
      - OpenAPI-Generator/1.0.2/ruby
      Content-Type:
      - application/json
      Accept:
      - "*/*"
      Authorization:
      - Bearer fdf68692f2a4c981b946a651363d96cddd711999
      Expect:
      - ''
  response:
    status:
      code: 200
      message: OK
    headers:
      Date:
      - Mon, 25 Oct 2021 09:51:29 GMT
      Server:
      - WSGIServer/0.2 CPython/3.7.3
      Content-Type:
      - application/json
      Vary:
      - Accept
      Allow:
      - GET, POST, HEAD, OPTIONS
      X-Frame-Options:
      - SAMEORIGIN
      Access-Control-Allow-Origin:
      - "*"
      Access-Control-Allow-Headers:
      - "*"
      Access-Control-Allow-Methods:
      - GET, POST, OPTIONS, PUT, DELETE
    body:
      encoding: ASCII-8BIT
      string: '[{"advanced_attributes_map":"{}","capability_values_json":"[{\"abstract_capability\": \"compression\", \"value\": \"True\", \"uuid\": \"45e0cf41-1842-45e8-b83b-17de54be406d\"}, {\"abstract_capability\": \"thin_provision\", \"value\": \"True\", \"uuid\": \"2fddfc81-2561-40d8-bd84-cec6ec26d551\"}]","component_state":"PENDING_CREATION","logical_free":513248591872,"logical_total":515396075520,"name":"test_or_30:Pool5","pool_name":"Pool5","protocol":"fc","storage_system":"9b1cedc0-b476-47f1-8f25-7a7da2b7d91c","uuid":"ecd03d66-1c83-466c-9b86-ff63483cd0da","replication_target_resource":null},{"advanced_attributes_map":"{}","capability_values_json":"[{\"abstract_capability\": \"compression\", \"value\": \"True\", \"uuid\": \"45e0cf41-1842-45e8-b83b-17de54be406d\"}, {\"abstract_capability\": \"thin_provision\", \"value\": \"True\", \"uuid\": \"2fddfc81-2561-40d8-bd84-cec6ec26d551\"}]","component_state":"PENDING_CREATION","logical_free":508232204288,"logical_total":515949723648,"name":"test_or_30:updateOr2","pool_name":"updateOr2","protocol":"fc","storage_system":"9b1cedc0-b476-47f1-8f25-7a7da2b7d91c","uuid":"dd3aa3ed-b898-47a4-a272-de3244f1372a","replication_target_resource":null},{"advanced_attributes_map":"{}","capability_values_json":"[{\"abstract_capability\": \"compression\", \"value\": \"True\", \"uuid\": \"45e0cf41-1842-45e8-b83b-17de54be406d\"}, {\"abstract_capability\": \"thin_provision\", \"value\": \"True\", \"uuid\": \"2fddfc81-2561-40d8-bd84-cec6ec26d551\"}]","component_state":"PENDING_CREATION","logical_free":507879882752,"logical_total":514322333696,"name":"test_or_30:tony_pool","pool_name":"tony_pool","protocol":"fc","storage_system":"9b1cedc0-b476-47f1-8f25-7a7da2b7d91c","uuid":"4cc7fa4e-fa05-47fb-8269-869942e11f86","replication_target_resource":null},{"advanced_attributes_map":"{}","capability_values_json":"[{\"abstract_capability\": \"compression\", \"value\": \"True\", \"uuid\": \"45e0cf41-1842-45e8-b83b-17de54be406d\"}, {\"abstract_capability\": \"thin_provision\", \"value\": \"True\", \"uuid\": \"2fddfc81-2561-40d8-bd84-cec6ec26d551\"}]","component_state":"PENDING_CREATION","logical_free":472446402560,"logical_total":515396075520,"name":"test_or_30:test_pool","pool_name":"test_pool","protocol":"fc","storage_system":"9b1cedc0-b476-47f1-8f25-7a7da2b7d91c","uuid":"41e4e6fb-d670-4db9-8325-464c138dee6f","replication_target_resource":null},{"advanced_attributes_map":"{}","capability_values_json":"[{\"abstract_capability\": \"compression\", \"value\": \"True\", \"uuid\": \"45e0cf41-1842-45e8-b83b-17de54be406d\"}, {\"abstract_capability\": \"thin_provision\", \"value\": \"True\", \"uuid\": \"2fddfc81-2561-40d8-bd84-cec6ec26d551\"}]","component_state":"PENDING_CREATION","logical_free":507879882752,"logical_total":514322333696,"name":"test_or_30:Pool0","pool_name":"Pool0","protocol":"fc","storage_system":"9b1cedc0-b476-47f1-8f25-7a7da2b7d91c","uuid":"4d2eaeaf-0207-4418-bac3-bdae9a4115cc","replication_target_resource":null},{"advanced_attributes_map":"{}","capability_values_json":"[{\"abstract_capability\": \"compression\", \"value\": \"True\", \"uuid\": \"45e0cf41-1842-45e8-b83b-17de54be406d\"}, {\"abstract_capability\": \"thin_provision\", \"value\": \"True\", \"uuid\": \"2fddfc81-2561-40d8-bd84-cec6ec26d551\"}]","component_state":"PENDING_CREATION","logical_free":514322333696,"logical_total":515396075520,"name":"test_or_30:Pool1","pool_name":"Pool1","protocol":"fc","storage_system":"9b1cedc0-b476-47f1-8f25-7a7da2b7d91c","uuid":"03516eb2-d2d9-40c7-921c-6dcf9a835775","replication_target_resource":null},{"advanced_attributes_map":"{}","capability_values_json":"[{\"abstract_capability\": \"compression\", \"value\": \"True\", \"uuid\": \"45e0cf41-1842-45e8-b83b-17de54be406d\"}, {\"abstract_capability\": \"thin_provision\", \"value\": \"True\", \"uuid\": \"2fddfc81-2561-40d8-bd84-cec6ec26d551\"}]","component_state":"PENDING_CREATION","logical_free":515396075520,"logical_total":515396075520,"name":"test_or_30:Pool2","pool_name":"Pool2","protocol":"fc","storage_system":"9b1cedc0-b476-47f1-8f25-7a7da2b7d91c","uuid":"9dbda310-d848-439b-a337-39236b225057","replication_target_resource":null},{"advanced_attributes_map":"{}","capability_values_json":"[{\"abstract_capability\": \"compression\", \"value\": \"True\", \"uuid\": \"45e0cf41-1842-45e8-b83b-17de54be406d\"}, {\"abstract_capability\": \"thin_provision\", \"value\": \"True\", \"uuid\": \"2fddfc81-2561-40d8-bd84-cec6ec26d551\"}]","component_state":"PENDING_CREATION","logical_free":515396075520,"logical_total":515396075520,"name":"test_or_30:Pool3","pool_name":"Pool3","protocol":"fc","storage_system":"9b1cedc0-b476-47f1-8f25-7a7da2b7d91c","uuid":"53cca325-a529-4a97-a756-e86c3342ce9e","replication_target_resource":null},{"advanced_attributes_map":"{}","capability_values_json":"[{\"abstract_capability\": \"compression\", \"value\": \"True\", \"uuid\": \"45e0cf41-1842-45e8-b83b-17de54be406d\"}, {\"abstract_capability\": \"thin_provision\", \"value\": \"True\", \"uuid\": \"2fddfc81-2561-40d8-bd84-cec6ec26d551\"}]","component_state":"PENDING_CREATION","logical_free":515396075520,"logical_total":515396075520,"name":"test_or_30:Pool4","pool_name":"Pool4","protocol":"fc","storage_system":"9b1cedc0-b476-47f1-8f25-7a7da2b7d91c","uuid":"38575e25-8bc6-4e2a-b2c4-bcb2e6c7683f","replication_target_resource":null}]'
    http_version: null
  recorded_at: Mon, 25 Oct 2021 09:51:29 GMT
- request:
    method: get
    uri: https://autosde-appliance-host/site-manager/api/v1/engine/storage-hosts
    body:
      encoding: US-ASCII
      string: ''
    headers:
      User-Agent:
      - OpenAPI-Generator/1.0.2/ruby
      Content-Type:
      - application/json
      Accept:
      - "*/*"
      Authorization:
      - Bearer fdf68692f2a4c981b946a651363d96cddd711999
      Expect:
      - ''
  response:
    status:
      code: 200
      message: OK
    headers:
      Date:
      - Mon, 25 Oct 2021 09:51:30 GMT
      Server:
      - WSGIServer/0.2 CPython/3.7.3
      Content-Type:
      - application/json
      Vary:
      - Accept
      Allow:
      - GET, POST, HEAD, OPTIONS
      X-Frame-Options:
      - SAMEORIGIN
      Access-Control-Allow-Origin:
      - "*"
      Access-Control-Allow-Headers:
      - "*"
      Access-Control-Allow-Methods:
      - GET, POST, OPTIONS, PUT, DELETE
    body:
      encoding: ASCII-8BIT
      string: '[{"addresses":[{"chap_name":"","chap_secret":"","component_state":"PENDING_CREATION","iqn":null,"port_type":"FC","secondary_ip":null,"uuid":"e46a8acc-bae8-41b5-b29f-b5246d246116","wwpn":"2121212121212188"},{"chap_name":"","chap_secret":"","component_state":"PENDING_CREATION","iqn":null,"port_type":"FC","secondary_ip":null,"uuid":"1fafa153-366b-4a99-a4a0-6d8f527302f2","wwpn":"2121212121212155"},{"chap_name":"","chap_secret":"","component_state":"PENDING_CREATION","iqn":null,"port_type":"FC","secondary_ip":null,"uuid":"a71135df-9a3c-49e1-95aa-7d04b94de9b8","wwpn":"2121212121212120"}],"component_state":"CREATED","description":null,"host_cluster_name":"bk-cluster1","io_groups":null,"name":"bk-host1-renamed","status":"offline","storage_system":"980f3ceb-c599-49c4-9db3-fdc793cb8666","uuid":"f80e97cf-97fc-4a40-9ec8-1f37454654fc","volumes":[{"compliant":true,"component_state":"PENDING_DELETION","historical_service":11,"name":"bk-vol0-edit","service":"774c1fd8-43e6-4bb2-8466-d5d1c1d992d6","size":10,"status":"online","storage_resource":"0a10636f-c204-4ae1-a370-f0ee850b80af","unmapped_since":null,"uuid":"ac287c2d-1776-48a3-a5c9-06327f4a57c4"},{"compliant":true,"component_state":"PENDING_DELETION","historical_service":11,"name":"bk-vol1","service":"774c1fd8-43e6-4bb2-8466-d5d1c1d992d6","size":1,"status":"online","storage_resource":"0a10636f-c204-4ae1-a370-f0ee850b80af","unmapped_since":null,"uuid":"ae332deb-aa1f-48ff-bc43-56c46ad48b46"},{"compliant":true,"component_state":"PENDING_DELETION","historical_service":11,"name":"bk-vol2","service":"774c1fd8-43e6-4bb2-8466-d5d1c1d992d6","size":1,"status":"online","storage_resource":"0a10636f-c204-4ae1-a370-f0ee850b80af","unmapped_since":null,"uuid":"6e4b03c9-6da8-4e71-a44e-bedc08ed19d1"}]},{"addresses":[{"chap_name":"","chap_secret":"","component_state":"PENDING_CREATION","iqn":null,"port_type":"FC","secondary_ip":null,"uuid":"c4b442d3-8278-4983-973a-1b11e59b7043","wwpn":"2121212121212121"}],"component_state":"CREATED","description":null,"host_cluster_name":"bk-cluster2","io_groups":null,"name":"bk-host2","status":"offline","storage_system":"980f3ceb-c599-49c4-9db3-fdc793cb8666","uuid":"10e8d254-05d9-40dd-9da0-80d65cd0c284","volumes":[{"compliant":true,"component_state":"PENDING_DELETION","historical_service":11,"name":"bk-vol1","service":"774c1fd8-43e6-4bb2-8466-d5d1c1d992d6","size":1,"status":"online","storage_resource":"0a10636f-c204-4ae1-a370-f0ee850b80af","unmapped_since":null,"uuid":"ae332deb-aa1f-48ff-bc43-56c46ad48b46"}]},{"addresses":[{"chap_name":"","chap_secret":"","component_state":"PENDING_CREATION","iqn":null,"port_type":"FC","secondary_ip":null,"uuid":"a1191249-16bd-4fdc-81a0-5d840a208f2d","wwpn":"2121212121212130"}],"component_state":"CREATED","description":null,"host_cluster_name":"bk-cluster4","io_groups":null,"name":"bk-host3","status":"offline","storage_system":"980f3ceb-c599-49c4-9db3-fdc793cb8666","uuid":"00bad681-1dd8-4ed5-87b7-818ac9876bcf","volumes":[{"compliant":true,"component_state":"PENDING_DELETION","historical_service":11,"name":"bk-vol4","service":"774c1fd8-43e6-4bb2-8466-d5d1c1d992d6","size":2,"status":"online","storage_resource":"0a10636f-c204-4ae1-a370-f0ee850b80af","unmapped_since":null,"uuid":"61767350-2f96-4e5c-b444-b74f2b2f5ed7"}]},{"addresses":[{"chap_name":"","chap_secret":"","component_state":"PENDING_CREATION","iqn":null,"port_type":"FC","secondary_ip":null,"uuid":"c9f3203f-b2c9-4a37-81ec-065f831b11a0","wwpn":"2121212121212111"},{"chap_name":"","chap_secret":"","component_state":"PENDING_CREATION","iqn":null,"port_type":"FC","secondary_ip":null,"uuid":"2f0256cc-242b-4347-aa1a-eb2759f98eda","wwpn":"2121212121212110"}],"component_state":"CREATED","description":null,"host_cluster_name":"","io_groups":null,"name":"bk-host4","status":"offline","storage_system":"980f3ceb-c599-49c4-9db3-fdc793cb8666","uuid":"cbc4dd7d-0808-4755-aec7-c04e75779769","volumes":[]},{"addresses":[{"chap_name":"","chap_secret":"","component_state":"PENDING_CREATION","iqn":null,"port_type":"FC","secondary_ip":null,"uuid":"1876ab53-1d01-4e45-b41b-14cfebb37e38","wwpn":"2121212121212101"},{"chap_name":"","chap_secret":"","component_state":"PENDING_CREATION","iqn":null,"port_type":"FC","secondary_ip":null,"uuid":"f57500eb-3e70-4019-bda0-16365189dd82","wwpn":"2121212121212100"}],"component_state":"CREATED","description":null,"host_cluster_name":"","io_groups":null,"name":"bk-host-02-09-renamed","status":"offline","storage_system":"980f3ceb-c599-49c4-9db3-fdc793cb8666","uuid":"0fc91024-3769-4b9a-8cbf-8a94911fef7f","volumes":[]},{"addresses":[{"chap_name":null,"chap_secret":null,"component_state":"PENDING_CREATION","iqn":"cli-iqn1","port_type":"ISCSI","secondary_ip":null,"uuid":"d9c30b6c-526d-4f79-9cdf-20e3babded5f","wwpn":null}],"component_state":"CREATED","description":null,"host_cluster_name":"","io_groups":null,"name":"cli-host1","status":"offline","storage_system":"980f3ceb-c599-49c4-9db3-fdc793cb8666","uuid":"d77adf98-fbf1-44a5-a41b-6234bcc131ba","volumes":[]},{"addresses":[{"chap_name":null,"chap_secret":null,"component_state":"PENDING_CREATION","iqn":"cli-iqn12","port_type":"ISCSI","secondary_ip":null,"uuid":"f2fe8a15-7ce3-44be-8036-bc1c39a23606","wwpn":null}],"component_state":"CREATED","description":null,"host_cluster_name":"","io_groups":null,"name":"cli-wwpn1","status":"offline","storage_system":"980f3ceb-c599-49c4-9db3-fdc793cb8666","uuid":"298e8058-6bfd-4abe-88c4-cb2d6fe32ef3","volumes":[]},{"addresses":[{"chap_name":null,"chap_secret":null,"component_state":"PENDING_CREATION","iqn":"cli-iqn3","port_type":"ISCSI","secondary_ip":null,"uuid":"623d32ce-26a7-41bf-aa7c-53b09c45ad83","wwpn":null}],"component_state":"CREATED","description":null,"host_cluster_name":"","io_groups":null,"name":"cli-wwpn2","status":"offline","storage_system":"980f3ceb-c599-49c4-9db3-fdc793cb8666","uuid":"37e7d6e5-babc-4e89-8bd0-13f3442a42f8","volumes":[]},{"addresses":[{"chap_name":null,"chap_secret":null,"component_state":"PENDING_CREATION","iqn":"gui-iqn123","port_type":"ISCSI","secondary_ip":null,"uuid":"75355fd9-7714-42e6-9340-c6cdb8ffce6f","wwpn":null}],"component_state":"CREATED","description":null,"host_cluster_name":"","io_groups":null,"name":"gui-host1","status":"offline","storage_system":"980f3ceb-c599-49c4-9db3-fdc793cb8666","uuid":"a6cd6e05-7e46-4db5-b85d-0f5040bdb6c6","volumes":[]},{"addresses":[{"chap_name":null,"chap_secret":null,"component_state":"PENDING_CREATION","iqn":null,"port_type":"FC","secondary_ip":null,"uuid":"5b35cab7-2253-43b3-ad5a-626e387ad2ee","wwpn":"2121212121212177"}],"component_state":"CREATED","description":null,"host_cluster_name":"bk-cluster1","io_groups":null,"name":"fake-host","status":"offline","storage_system":"980f3ceb-c599-49c4-9db3-fdc793cb8666","uuid":"0a460ad9-e6e7-486a-a34e-7a5d946c9d00","volumes":[{"compliant":true,"component_state":"PENDING_DELETION","historical_service":11,"name":"bk-vol0-edit","service":"774c1fd8-43e6-4bb2-8466-d5d1c1d992d6","size":10,"status":"online","storage_resource":"0a10636f-c204-4ae1-a370-f0ee850b80af","unmapped_since":null,"uuid":"ac287c2d-1776-48a3-a5c9-06327f4a57c4"},{"compliant":true,"component_state":"PENDING_DELETION","historical_service":11,"name":"bk-vol1","service":"774c1fd8-43e6-4bb2-8466-d5d1c1d992d6","size":1,"status":"online","storage_resource":"0a10636f-c204-4ae1-a370-f0ee850b80af","unmapped_since":null,"uuid":"ae332deb-aa1f-48ff-bc43-56c46ad48b46"}]},{"addresses":[{"chap_name":null,"chap_secret":null,"component_state":"PENDING_CREATION","iqn":null,"port_type":"FC","secondary_ip":null,"uuid":"d2caff58-991c-451f-a52e-b44818832ec7","wwpn":"2121212121212175"}],"component_state":"CREATED","description":null,"host_cluster_name":"","io_groups":null,"name":"liran_2209_4","status":"offline","storage_system":"980f3ceb-c599-49c4-9db3-fdc793cb8666","uuid":"fefb881e-aff5-49c9-ab69-c82f2dfb7bb6","volumes":[]},{"addresses":[{"chap_name":null,"chap_secret":null,"component_state":"PENDING_CREATION","iqn":null,"port_type":"FC","secondary_ip":null,"uuid":"13736870-940a-41b3-8e73-0d54635fe771","wwpn":"2121212121212178"},{"chap_name":null,"chap_secret":null,"component_state":"PENDING_CREATION","iqn":null,"port_type":"FC","secondary_ip":null,"uuid":"e7e8f6bb-899a-4c70-8b8f-0c647142d0a8","wwpn":"2121212121212176"}],"component_state":"CREATED","description":null,"host_cluster_name":"","io_groups":null,"name":"liran_2209_5","status":"offline","storage_system":"980f3ceb-c599-49c4-9db3-fdc793cb8666","uuid":"abcd77b0-1202-43b4-bbc1-33e73146f10c","volumes":[]}]'
    http_version: null
  recorded_at: Mon, 25 Oct 2021 09:51:30 GMT
- request:
    method: get
    uri: https://autosde-appliance-host/site-manager/api/v1/engine/host-clusters
    body:
      encoding: US-ASCII
      string: ''
    headers:
      User-Agent:
      - OpenAPI-Generator/1.0.2/ruby
      Content-Type:
      - application/json
      Accept:
      - "*/*"
      Authorization:
      - Bearer fdf68692f2a4c981b946a651363d96cddd711999
      Expect:
      - ''
  response:
    status:
      code: 200
      message: OK
    headers:
      Date:
      - Mon, 25 Oct 2021 09:51:31 GMT
      Server:
      - WSGIServer/0.2 CPython/3.7.3
      Content-Type:
      - application/json
      Vary:
      - Accept
      Allow:
      - GET, POST, HEAD, OPTIONS
      X-Frame-Options:
      - SAMEORIGIN
      Access-Control-Allow-Origin:
      - "*"
      Access-Control-Allow-Headers:
      - "*"
      Access-Control-Allow-Methods:
      - GET, POST, OPTIONS, PUT, DELETE
    body:
      encoding: ASCII-8BIT
      string: '[{"component_state":"CREATED","name":"bk-cluster1","owner_id":"","owner_name":"","protocol":"scsi","status":null,"storage_system":"980f3ceb-c599-49c4-9db3-fdc793cb8666","uuid":"856146bb-4fe3-4d8f-b442-49a2dd80dd96","volumes":[]},{"component_state":"CREATED","name":"bk-cluster2","owner_id":"","owner_name":"","protocol":"scsi","status":null,"storage_system":"980f3ceb-c599-49c4-9db3-fdc793cb8666","uuid":"af87e40a-b4e3-44a5-95a5-b0c78c0c8ce4","volumes":[]},{"component_state":"CREATED","name":"bk-cluster3","owner_id":"","owner_name":"","protocol":"","status":null,"storage_system":"980f3ceb-c599-49c4-9db3-fdc793cb8666","uuid":"b4633403-4961-4fa2-8ba5-4ba3808c728b","volumes":[]},{"component_state":"CREATED","name":"bk-cluster4","owner_id":null,"owner_name":null,"protocol":null,"status":null,"storage_system":"980f3ceb-c599-49c4-9db3-fdc793cb8666","uuid":"db5b9911-4f03-43ad-9e13-8ab0de09226c","volumes":[18]},{"component_state":"CREATED","name":"bk-cluster5","owner_id":"","owner_name":"","protocol":"","status":null,"storage_system":"980f3ceb-c599-49c4-9db3-fdc793cb8666","uuid":"af5ff73b-3b2e-46e4-ac37-cc59bf3ca1e1","volumes":[]}]'
    http_version: null
  recorded_at: Mon, 25 Oct 2021 09:51:31 GMT
- request:
    method: get
    uri: https://autosde-appliance-host/site-manager/api/v1/engine/services
    body:
      encoding: US-ASCII
      string: ''
    headers:
      User-Agent:
      - OpenAPI-Generator/1.0.2/ruby
      Content-Type:
      - application/json
      Accept:
      - "*/*"
      Authorization:
      - Bearer fdf68692f2a4c981b946a651363d96cddd711999
      Expect:
      - ''
  response:
    status:
      code: 200
      message: OK
    headers:
      Date:
      - Mon, 25 Oct 2021 09:51:32 GMT
      Server:
      - WSGIServer/0.2 CPython/3.7.3
      Content-Type:
      - application/json
      Vary:
      - Accept
      Allow:
      - GET, POST, HEAD, OPTIONS
      X-Frame-Options:
      - SAMEORIGIN
      Access-Control-Allow-Origin:
      - "*"
      Access-Control-Allow-Headers:
      - "*"
      Access-Control-Allow-Methods:
      - GET, POST, OPTIONS, PUT, DELETE
    body:
      encoding: ASCII-8BIT
      string: '[{"capability_values_json":"[{\"abstract_capability\": \"compression\", \"value\": \"True\", \"uuid\": \"29ac2ba7-1e55-411e-9828-472c935bb882\"}, {\"abstract_capability\": \"thin_provision\", \"value\": \"True\", \"uuid\": \"63a2dfbe-bb1b-408c-8e94-36c9d7791df2\"}]","component_state":"PENDING_CREATION","description":"auto_created_service","name":"9.151.159.178:borisko_test_pool","profile":"f9926ea3-91d0-4cb8-98fb-7fe9dd56624b","project":"b0307441-6dd8-4a2d-8ed3-530bacfaf529","provisioning_strategy":null,"resource_service":true,"uuid":"774c1fd8-43e6-4bb2-8466-d5d1c1d992d6","version":1},{"capability_values_json":"[{\"abstract_capability\": \"compression\", \"value\": \"True\", \"uuid\": \"29ac2ba7-1e55-411e-9828-472c935bb882\"}, {\"abstract_capability\": \"thin_provision\", \"value\": \"True\", \"uuid\": \"63a2dfbe-bb1b-408c-8e94-36c9d7791df2\"}]","component_state":"PENDING_CREATION","description":"auto_created_service","name":"9.151.159.178:erezt_test_pool","profile":"f9926ea3-91d0-4cb8-98fb-7fe9dd56624b","project":"b0307441-6dd8-4a2d-8ed3-530bacfaf529","provisioning_strategy":null,"resource_service":true,"uuid":"f39f0d98-9fca-4cf7-8fd1-6de648ea45c1","version":1},{"capability_values_json":"[{\"abstract_capability\": \"compression\", \"value\": \"True\", \"uuid\": \"29ac2ba7-1e55-411e-9828-472c935bb882\"}, {\"abstract_capability\": \"thin_provision\", \"value\": \"True\", \"uuid\": \"63a2dfbe-bb1b-408c-8e94-36c9d7791df2\"}]","component_state":"PENDING_CREATION","description":"auto_created_service","name":"9.151.159.178:felixnu_test_pool","profile":"f9926ea3-91d0-4cb8-98fb-7fe9dd56624b","project":"b0307441-6dd8-4a2d-8ed3-530bacfaf529","provisioning_strategy":null,"resource_service":true,"uuid":"0fb97e55-393b-47e8-8de1-161befec98dc","version":1},{"capability_values_json":"[{\"abstract_capability\": \"compression\", \"value\": \"True\", \"uuid\": \"29ac2ba7-1e55-411e-9828-472c935bb882\"}, {\"abstract_capability\": \"thin_provision\", \"value\": \"True\", \"uuid\": \"63a2dfbe-bb1b-408c-8e94-36c9d7791df2\"}]","component_state":"PENDING_CREATION","description":"auto_created_service","name":"9.151.159.178:gregoryb_test_pool","profile":"f9926ea3-91d0-4cb8-98fb-7fe9dd56624b","project":"b0307441-6dd8-4a2d-8ed3-530bacfaf529","provisioning_strategy":null,"resource_service":true,"uuid":"93cf92eb-a64c-497e-bd1c-9502aac25179","version":1},{"capability_values_json":"[{\"abstract_capability\": \"compression\", \"value\": \"True\", \"uuid\": \"29ac2ba7-1e55-411e-9828-472c935bb882\"}, {\"abstract_capability\": \"thin_provision\", \"value\": \"True\", \"uuid\": \"63a2dfbe-bb1b-408c-8e94-36c9d7791df2\"}]","component_state":"PENDING_CREATION","description":"auto_created_service","name":"9.151.159.178:ilyak_test_pool","profile":"f9926ea3-91d0-4cb8-98fb-7fe9dd56624b","project":"b0307441-6dd8-4a2d-8ed3-530bacfaf529","provisioning_strategy":null,"resource_service":true,"uuid":"faee8ec7-4935-4bf9-94ee-0a84cec9a7d7","version":1},{"capability_values_json":"[{\"abstract_capability\": \"compression\", \"value\": \"True\", \"uuid\": \"29ac2ba7-1e55-411e-9828-472c935bb882\"}, {\"abstract_capability\": \"thin_provision\", \"value\": \"True\", \"uuid\": \"63a2dfbe-bb1b-408c-8e94-36c9d7791df2\"}]","component_state":"PENDING_CREATION","description":"auto_created_service","name":"9.151.159.178:liranl_test_pool","profile":"f9926ea3-91d0-4cb8-98fb-7fe9dd56624b","project":"b0307441-6dd8-4a2d-8ed3-530bacfaf529","provisioning_strategy":null,"resource_service":true,"uuid":"f3302a38-cbc4-4d45-8494-836bde00ff38","version":1},{"capability_values_json":"[{\"abstract_capability\": \"compression\", \"value\": \"True\", \"uuid\": \"29ac2ba7-1e55-411e-9828-472c935bb882\"}, {\"abstract_capability\": \"thin_provision\", \"value\": \"True\", \"uuid\": \"63a2dfbe-bb1b-408c-8e94-36c9d7791df2\"}]","component_state":"PENDING_CREATION","description":"auto_created_service","name":"9.151.159.178:demo_test_pool","profile":"f9926ea3-91d0-4cb8-98fb-7fe9dd56624b","project":"b0307441-6dd8-4a2d-8ed3-530bacfaf529","provisioning_strategy":null,"resource_service":true,"uuid":"2db996ef-6f5d-46b6-b3f5-e31b3f29b9d7","version":1}]'
    http_version: null
  recorded_at: Mon, 25 Oct 2021 09:51:32 GMT
- request:
    method: get
    uri: https://autosde-appliance-host/site-manager/api/v1/engine/volumes
    body:
      encoding: US-ASCII
      string: ''
    headers:
      User-Agent:
      - OpenAPI-Generator/1.0.2/ruby
      Content-Type:
      - application/json
      Accept:
      - "*/*"
      Authorization:
      - Bearer fdf68692f2a4c981b946a651363d96cddd711999
      Expect:
      - ''
  response:
    status:
      code: 200
      message: OK
    headers:
      Date:
      - Mon, 25 Oct 2021 09:51:33 GMT
      Server:
      - WSGIServer/0.2 CPython/3.7.3
      Content-Type:
      - application/json
      Vary:
      - Accept
      Allow:
      - GET, POST, HEAD, OPTIONS
      X-Frame-Options:
      - SAMEORIGIN
      Access-Control-Allow-Origin:
      - "*"
      Access-Control-Allow-Headers:
      - "*"
      Access-Control-Allow-Methods:
      - GET, POST, OPTIONS, PUT, DELETE
    body:
      encoding: ASCII-8BIT
      string: '[{"compliant":true,"component_state":"CREATED","historical_service":14,"name":"asdf","service":"93cf92eb-a64c-497e-bd1c-9502aac25179","size":1,"status":"online","storage_resource":"b35f4df5-d59c-4b59-8ccd-7ddcf2901c00","unmapped_since":null,"uuid":"5172e7ba-c22e-405d-9380-0b83c6873657"},{"compliant":true,"component_state":"CREATED","historical_service":14,"name":"crabby","service":"93cf92eb-a64c-497e-bd1c-9502aac25179","size":1,"status":"online","storage_resource":"b35f4df5-d59c-4b59-8ccd-7ddcf2901c00","unmapped_since":null,"uuid":"fcf48b27-7861-432c-91e9-4c44b76861f0"},{"compliant":true,"component_state":"CREATED","historical_service":14,"name":"greg0","service":"93cf92eb-a64c-497e-bd1c-9502aac25179","size":2,"status":"online","storage_resource":"b35f4df5-d59c-4b59-8ccd-7ddcf2901c00","unmapped_since":null,"uuid":"4b7ee039-4910-4f18-be96-e98c3f4d70a8"},{"compliant":true,"component_state":"CREATED","historical_service":14,"name":"greg1","service":"93cf92eb-a64c-497e-bd1c-9502aac25179","size":2,"status":"online","storage_resource":"b35f4df5-d59c-4b59-8ccd-7ddcf2901c00","unmapped_since":null,"uuid":"1e243a2a-cdb2-4a9b-958d-a1f14747e7a4"},{"compliant":true,"component_state":"CREATED","historical_service":14,"name":"greg2","service":"93cf92eb-a64c-497e-bd1c-9502aac25179","size":2,"status":"online","storage_resource":"b35f4df5-d59c-4b59-8ccd-7ddcf2901c00","unmapped_since":null,"uuid":"23dac0a5-7f67-4e07-9356-e1d2ba19bc2e"},{"compliant":true,"component_state":"PENDING_DELETION","historical_service":16,"name":"liran-vol0","service":"f3302a38-cbc4-4d45-8494-836bde00ff38","size":4,"status":"online","storage_resource":"990449ba-614e-4b10-82d7-e1b41280309d","unmapped_since":null,"uuid":"5790e94d-fb80-48db-a25f-5c87f6f570af"},{"compliant":true,"component_state":"PENDING_DELETION","historical_service":13,"name":"felix1122","service":"0fb97e55-393b-47e8-8de1-161befec98dc","size":10,"status":"online","storage_resource":"d40d2c7c-99d9-4971-98b2-2c9f1b8199c0","unmapped_since":null,"uuid":"89acac26-dbae-4aa6-9e7c-c07c0d42d88f"},{"compliant":true,"component_state":"PENDING_DELETION","historical_service":13,"name":"felixtest22","service":"0fb97e55-393b-47e8-8de1-161befec98dc","size":11,"status":"online","storage_resource":"d40d2c7c-99d9-4971-98b2-2c9f1b8199c0","unmapped_since":null,"uuid":"acd8be30-fb7f-4cac-916c-9c228a0a9f3d"},{"compliant":true,"component_state":"PENDING_DELETION","historical_service":11,"volume_name":"bk-vol0-edit","service":"774c1fd8-43e6-4bb2-8466-d5d1c1d992d6","size":10,"status":"online","storage_resource":"0a10636f-c204-4ae1-a370-f0ee850b80af","unmapped_since":null,"uuid":"ac287c2d-1776-48a3-a5c9-06327f4a57c4"},{"compliant":true,"component_state":"PENDING_DELETION","historical_service":11,"name":"bk-vol1","service":"774c1fd8-43e6-4bb2-8466-d5d1c1d992d6","size":1,"status":"online","storage_resource":"0a10636f-c204-4ae1-a370-f0ee850b80af","unmapped_since":null,"uuid":"ae332deb-aa1f-48ff-bc43-56c46ad48b46"},{"compliant":true,"component_state":"PENDING_DELETION","historical_service":11,"name":"bk-vol2","service":"774c1fd8-43e6-4bb2-8466-d5d1c1d992d6","size":1,"status":"online","storage_resource":"0a10636f-c204-4ae1-a370-f0ee850b80af","unmapped_since":null,"uuid":"6e4b03c9-6da8-4e71-a44e-bedc08ed19d1"},{"compliant":true,"component_state":"PENDING_DELETION","historical_service":11,"name":"bk-vol4","service":"774c1fd8-43e6-4bb2-8466-d5d1c1d992d6","size":2,"status":"online","storage_resource":"0a10636f-c204-4ae1-a370-f0ee850b80af","unmapped_since":null,"uuid":"61767350-2f96-4e5c-b444-b74f2b2f5ed7"},{"compliant":true,"component_state":"CREATED","historical_service":11,"name":"bk-for-report","service":"774c1fd8-43e6-4bb2-8466-d5d1c1d992d6","size":1,"status":null,"storage_resource":"0a10636f-c204-4ae1-a370-f0ee850b80af","unmapped_since":null,"uuid":"1fa35995-2fc7-4730-842d-7bbbc10e0d7b"}]'
    http_version: null
  recorded_at: Mon, 25 Oct 2021 09:51:33 GMT
- request:
    method: get
    uri: https://autosde-appliance-host/site-manager/api/v1/engine/storage-hosts-mapping
    body:
      encoding: US-ASCII
      string: ''
    headers:
      User-Agent:
      - OpenAPI-Generator/1.0.2/ruby
      Content-Type:
      - application/json
      Accept:
      - "*/*"
      Authorization:
      - Bearer fdf68692f2a4c981b946a651363d96cddd711999
      Expect:
      - ''
  response:
    status:
      code: 200
      message: OK
    headers:
      Date:
      - Mon, 25 Oct 2021 09:51:34 GMT
      Server:
      - WSGIServer/0.2 CPython/3.7.3
      Content-Type:
      - application/json
      Vary:
      - Accept
      Allow:
      - GET, POST, HEAD, OPTIONS
      X-Frame-Options:
      - SAMEORIGIN
      Access-Control-Allow-Origin:
      - "*"
      Access-Control-Allow-Headers:
      - "*"
      Access-Control-Allow-Methods:
      - GET, POST, OPTIONS, PUT, DELETE
    body:
      encoding: ASCII-8BIT
      string: '[{"component_state":"CREATED","host":"10e8d254-05d9-40dd-9da0-80d65cd0c284","lun":100,"uuid":"4c9dac0d-d972-4020-8f14-40df08c9968c","volume":"ae332deb-aa1f-48ff-bc43-56c46ad48b46"},{"component_state":"CREATED","host":"00bad681-1dd8-4ed5-87b7-818ac9876bcf","lun":0,"uuid":"9523ccf8-6037-4a08-807b-7de6fd18603a","volume":"61767350-2f96-4e5c-b444-b74f2b2f5ed7"},{"component_state":"CREATED","host":"f80e97cf-97fc-4a40-9ec8-1f37454654fc","lun":0,"uuid":"bf75aef0-d16b-4159-b3f7-d3e61cbb3251","volume":"ac287c2d-1776-48a3-a5c9-06327f4a57c4"},{"component_state":"CREATED","host":"f80e97cf-97fc-4a40-9ec8-1f37454654fc","lun":0,"uuid":"496b7faa-8942-4ffc-9347-d3df0d551bf7","volume":"ae332deb-aa1f-48ff-bc43-56c46ad48b46"},{"component_state":"CREATED","host":"f80e97cf-97fc-4a40-9ec8-1f37454654fc","lun":0,"uuid":"ec9d1109-eb71-4bcd-aba9-bbd3a181f322","volume":"6e4b03c9-6da8-4e71-a44e-bedc08ed19d1"},{"component_state":"CREATED","host":"0a460ad9-e6e7-486a-a34e-7a5d946c9d00","lun":0,"uuid":"c40bcd2b-7158-4381-8e35-1ada327d8fda","volume":"ac287c2d-1776-48a3-a5c9-06327f4a57c4"},{"component_state":"CREATED","host":"0a460ad9-e6e7-486a-a34e-7a5d946c9d00","lun":0,"uuid":"16e47d60-7072-4c7c-ad43-3924ec4fe50d","volume":"ae332deb-aa1f-48ff-bc43-56c46ad48b46"}]'
    http_version: null
  recorded_at: Mon, 25 Oct 2021 09:51:34 GMT
- request:
    method: get
    uri: https://autosde-appliance-host/site-manager/api/v1/engine/host-clusters-mapping
    body:
      encoding: US-ASCII
      string: ''
    headers:
      User-Agent:
      - OpenAPI-Generator/1.0.2/ruby
      Content-Type:
      - application/json
      Accept:
      - "*/*"
      Authorization:
      - Bearer fdf68692f2a4c981b946a651363d96cddd711999
      Expect:
      - ''
  response:
    status:
      code: 200
      message: OK
    headers:
      Date:
      - Mon, 25 Oct 2021 09:51:46 GMT
      Server:
      - WSGIServer/0.2 CPython/3.7.3
      Content-Type:
      - application/json
      Vary:
      - Accept
      Allow:
      - GET, POST, HEAD, OPTIONS
      X-Frame-Options:
      - SAMEORIGIN
      Access-Control-Allow-Origin:
      - "*"
      Access-Control-Allow-Headers:
      - "*"
      Access-Control-Allow-Methods:
      - GET, POST, OPTIONS, PUT, DELETE
    body:
      encoding: ASCII-8BIT
      string: '[{"cluster":"db5b9911-4f03-43ad-9e13-8ab0de09226c","component_state":"CREATED","lun":0,"uuid":"3a0700b4-3f8d-4f29-8330-af16cbc9f34b","volume":"61767350-2f96-4e5c-b444-b74f2b2f5ed7"}]'
    http_version: null
  recorded_at: Mon, 25 Oct 2021 09:51:46 GMT
- request:
    method: get
    uri: https://autosde-appliance-host/site-manager/api/v1/engine/storage-hosts-wwpn-candidates
    body:
      encoding: US-ASCII
      string: ''
    headers:
      User-Agent:
      - OpenAPI-Generator/1.0.2/ruby
      Content-Type:
      - application/json
      Accept:
      - "*/*"
      Authorization:
      - Bearer fdf68692f2a4c981b946a651363d96cddd711999
      Expect:
      - ''
  response:
    status:
      code: 200
      message: OK
    headers:
      Date:
      - Mon, 25 Oct 2021 09:51:49 GMT
      Server:
      - WSGIServer/0.2 CPython/3.7.3
      Content-Type:
      - application/json
      Vary:
      - Accept
      Allow:
      - GET, HEAD, OPTIONS
      X-Frame-Options:
      - SAMEORIGIN
      Access-Control-Allow-Origin:
      - "*"
      Access-Control-Allow-Headers:
      - "*"
      Access-Control-Allow-Methods:
      - GET, POST, OPTIONS, PUT, DELETE
    body:
      encoding: ASCII-8BIT
      string: '[{"wwpn":"2100000E1EE89D90","system_uuid":"a785c49a-2f3c-4e6d-8ace-879dfa1719a2"},
      {"wwpn":"2100000E1EE89D91","system_uuid":"a785c49a-2f3c-4e6d-8ace-879dfa1719a2"}]'
    http_version: null
  recorded_at: Mon, 25 Oct 2021 09:51:49 GMT
- request:
    method: get
    uri: https://autosde-appliance-host/site-manager/api/v1/engine/service-abstract-capability-values
    body:
      encoding: US-ASCII
      string: ''
    headers:
      User-Agent:
        - OpenAPI-Generator/1.0.2/ruby
      Content-Type:
        - application/json
      Accept:
        - "*/*"
      Authorization:
        - Bearer fdf68692f2a4c981b946a651363d96cddd711999
      Expect:
        - ''
  response:
    status:
      code: 200
      message: OK
    headers:
      Date:
        - Mon, 25 Oct 2021 09:51:49 GMT
      Server:
        - WSGIServer/0.2 CPython/3.7.3
      Content-Type:
        - application/json
      Vary:
        - Accept
      Allow:
        - GET, HEAD, OPTIONS
      X-Frame-Options:
        - SAMEORIGIN
      Access-Control-Allow-Origin:
        - "*"
      Access-Control-Allow-Headers:
        - "*"
      Access-Control-Allow-Methods:
        - GET, POST, OPTIONS, PUT, DELETE
    body:
      encoding: ASCII-8BIT
      string: '[]'
    http_version: null
  recorded_at: Mon, 25 Oct 2021 09:51:49 GMT
- request:
    method: get
    uri: https://autosde-appliance-host/site-manager/api/v1/engine/service-resource-attachment
    body:
      encoding: US-ASCII
      string: ''
    headers:
      User-Agent:
        - OpenAPI-Generator/1.0.2/ruby
      Content-Type:
        - application/json
      Accept:
        - "*/*"
      Authorization:
        - Bearer fdf68692f2a4c981b946a651363d96cddd711999
      Expect:
        - ''
  response:
    status:
      code: 200
      message: OK
    headers:
      Date:
        - Mon, 25 Oct 2021 09:51:49 GMT
      Server:
        - WSGIServer/0.2 CPython/3.7.3
      Content-Type:
        - application/json
      Vary:
        - Accept
      Allow:
        - GET, HEAD, OPTIONS
      X-Frame-Options:
        - SAMEORIGIN
      Access-Control-Allow-Origin:
        - "*"
      Access-Control-Allow-Headers:
        - "*"
      Access-Control-Allow-Methods:
        - GET, POST, OPTIONS, PUT, DELETE
    body:
      encoding: ASCII-8BIT
      string: '[{"compliant":true,"service":"5189b322-c4ce-47ea-b267-381e8c4baab5","storage_resource":"f60e8f31-1d22-48fe-a79c-319b6c3613aa","uuid":"f0ecb715-19a1-4e74-b6f5-5c428a9c741d"},{"compliant":true,"service":"38abdf9c-92a7-438f-84e2-e1a069cc7b73","storage_resource":"2ffb219c-5f92-43d8-8917-356c4557edcb","uuid":"fa02ceb2-e729-4fe1-bcb6-4b03168fb169"},{"compliant":true,"service":"66d60892-6430-4681-883a-61ed0db50db6","storage_resource":"9fc3ed70-ea07-4db7-8118-6fb46301d90d","uuid":"8fb873a4-fd17-4cbc-99f4-875eba1c95ae"},{"compliant":true,"service":"5a3bb3d2-caf4-4b3f-915d-edfa0e7269ed","storage_resource":"d923a880-96cf-47d1-ab8e-ceb872c2e4bb","uuid":"158c03ac-fb62-46b2-9170-c6f0ebb91549"},{"compliant":true,"service":"3f692948-52c8-411d-ab8a-2777f025ba98","storage_resource":"34fd30ba-d1f8-41b9-9fa1-e6c41950a133","uuid":"bb6ea1ef-33a8-4651-85c5-cc155c7351c0"},{"compliant":true,"service":"6cf7190a-15f0-4f62-9d64-31f275de5722","storage_resource":"d7e04c01-3944-499f-86f5-d5406bf76182","uuid":"b6af6083-e39c-4f8a-b1ea-134637bc1ada"},{"compliant":true,"service":"468a4250-aa52-4d2a-a86c-9a557ebd6307","storage_resource":"b30612fe-a0da-43f5-9b3a-e27a4504a5c3","uuid":"fe5862a3-fc3b-4816-8be8-5bfbd74478d6"},{"compliant":true,"service":"61de684a-203e-4505-b6be-47f848ea0069","storage_resource":"1db314a1-cd66-4289-8586-abb58684c870","uuid":"4b1387d9-fac7-453d-9844-21df4b43824b"},{"compliant":true,"service":"0b344f0d-0066-4a66-92b5-53995cc26d2f","storage_resource":"46175ca2-0695-4ae5-baab-00ed5b9155e4","uuid":"0715cd74-ea55-479f-8bb0-92f1e6e852de"}]'
    http_version: null
  recorded_at: Mon, 25 Oct 2021 09:51:49 GMT
- request:
    method: get
    uri: https://autosde-appliance-host/site-manager/api/v1/engine/snapshots
    body:
      encoding: US-ASCII
      string: ''
    headers:
      User-Agent:
        - OpenAPI-Generator/2.0.0/ruby
      Content-Type:
        - application/json
      Accept:
        - "*/*"
      Authorization:
        - Bearer c02cd8466a168eb5d5ce2febf6f8df77b01ae60c
      Expect:
        - ''
  response:
    status:
      code: 200
      message: OK
    headers:
      Date:
        - Thu, 23 Mar 2022 14:19:07 GMT
      Server:
        - gunicorn/19.9.0
      Content-Type:
        - application/json
      Vary:
        - Accept,Cookie
      Allow:
        - GET, POST, HEAD, OPTIONS
      X-Frame-Options:
        - DENY
      X-Content-Type-Options:
        - nosniff
      Referrer-Policy:
        - same-origin
      Transfer-Encoding:
        - chunked
    body:
      encoding: ASCII-8BIT
      string: '[{"component_state":"CREATED","description":"Snapshot of volume by name vik_1","name":"snapshot-5d46cdbc-ade3-4a46-b232-bd1b220e62bc","name_in_storage":"snapshot-5d46cdbc-ade3-4a46-b232-bd1b220e62bc","uuid":"73c1df37-ed05-45cd-8551-a838557fbbdc","volume":"5172e7ba-c22e-405d-9380-0b83c6873657"}]'
    http_version: null
  recorded_at: Thu, 23 Mar 2022 14:19:07 GMT
recorded_with: VCR 5.1.0
